
> gdrive_clone@0.1.0 build
> next build

   Γû▓ Next.js 15.5.0
   - Environments: .env.local
   - Experiments (use with caution):
     ┬╖ serverActions

